id,caption,timestamp,media_type,like_count,comments_count,permalink
0123456789,"Dies ist eine
Test Caption",2020-01-02 13:00:02+00:00,VIDEO,128,256,https://www.instagram.com/p/foo/
9876543210,"Dös wär ja wüs wänn, da ""Ümläuts"", drin wärn",2020-02-29 23:59:59+00:00,IMAGE,512,1024,https://www.instagram.com/p/bar/
42,"Alle guten Dinge sind 3",2021-04-23 16:27:00+00:00,IMAGE,0,0,https://www.instagram.com/p/baz/
