ig_post_id,timestamp,impressions,reach,total_interactions,saved,video_views,delta_impressions,delta_reach,delta_total_interactions,delta_saved,delta_video_views
123456789,2020-01-01 00:00:05,101010,202020,303030,404040,505050,101005,202016,303027,404038,505049
9876543210,2020-01-01 00:00:05,998877,665544,332211,555555,0,0,0,0,0,0
